// Jest Snapshot v1, https://goo.gl/fbAQLP

exports[`Notification should have a string child and msg 1`] = `
<span>
  <div
    className="rd-notification"
    onClick={[Function]}
  >
    Hover me for notification
  </div>
</span>
`;

exports[`Notification should have a string child and msg 2`] = `
<span>
  <div
    className="rd-notification"
    onClick={[Function]}
  >
    Hover me for notification
  </div>
</span>
`;

exports[`Notification should have a string child and msg 3`] = `
<span>
  <div
    className="rd-notification"
    onClick={[Function]}
  >
    Hover me for notification
  </div>
</span>
`;
